// Jest Snapshot v1, https://goo.gl/fbAQLP

exports[`OrderDetail - UI should match snapshot with order data 1`] = `
<DocumentFragment>
  <div
    class="MuiContainer-root MuiContainer-maxWidthLg css-gos6kf-MuiContainer-root"
  >
    <div
      class="MuiBox-root css-1i0o32f"
    >
      <button
        class="MuiButtonBase-root MuiButton-root MuiButton-text MuiButton-textPrimary MuiButton-sizeMedium MuiButton-textSizeMedium MuiButton-colorPrimary MuiButton-root MuiButton-text MuiButton-textPrimary MuiButton-sizeMedium MuiButton-textSizeMedium MuiButton-colorPrimary css-1kwi5j1-MuiButtonBase-root-MuiButton-root"
        tabindex="0"
        type="button"
      >
        <span
          class="MuiButton-icon MuiButton-startIcon MuiButton-iconSizeMedium css-1d6wzja-MuiButton-startIcon"
        >
          <svg
            fill="none"
            height="1em"
            stroke="currentColor"
            stroke-linecap="round"
            stroke-linejoin="round"
            stroke-width="2"
            viewBox="0 0 24 24"
            width="1em"
            xmlns="http://www.w3.org/2000/svg"
          >
            <line
              x1="19"
              x2="5"
              y1="12"
              y2="12"
            />
            <polyline
              points="12 19 5 12 12 5"
            />
          </svg>
        </span>
        Back to Orders
        <span
          class="MuiTouchRipple-root css-8je8zh-MuiTouchRipple-root"
        />
      </button>
    </div>
    <h4
      class="MuiTypography-root MuiTypography-h4 MuiTypography-gutterBottom css-1np0xvr-MuiTypography-root"
    >
      Order Details
    </h4>
    <div
      data-testid="order-details-enhanced"
    >
      Order #order-12
    </div>
  </div>
</DocumentFragment>
`;
